user_:
  - id: "regex:\\d+"
    email: "updatedUser@gmail.com"
    name: "updated user"